// Jest Snapshot v1, https://goo.gl/fbAQLP

exports[`App snapshot renders 1`] = `
<div
  className="UnauthenticatedApp__Container-sc-14rep0y-0 kfOpLr"
>
  <img
    alt="Logo"
    src="bcrLogo.png"
  />
  <form
    className="UnauthenticatedApp__LogInForm-sc-14rep0y-1 GMYna"
    onSubmit={[Function]}
  >
    <label>
      <p>
        Benutzername:
      </p>
      <input
        autoComplete="username"
        onChange={[Function]}
        type="text"
      />
    </label>
    <label>
      <p>
        Passwort:
      </p>
      <input
        autoComplete="current-password"
        onChange={[Function]}
        type="password"
      />
    </label>
    <div>
      <button
        className="Button-pzvjfl-0 lntRdW"
        type="submit"
      >
        Login
      </button>
    </div>
  </form>
  <div>
    <h3>
      Test-Account:
    </h3>
    <p>
      Benutzername: Meister GmbH
    </p>
    <p>
      Passwort: passwort
    </p>
  </div>
</div>
`;
