// Jest Snapshot v1, https://goo.gl/fbAQLP

exports[`App snapshot renders 1`] = `
Array [
  <header
    className="Header__Container-sc-17wre1r-0 hRODWv"
  >
    <h1
      className="Header__Headline-sc-17wre1r-1 duXfVz"
    />
  </header>,
  <div
    className="NavbarBottom__Container-sc-17hvsnk-0 guYphZ"
  >
    <a
      className="NavbarBottom__NavLink-sc-17hvsnk-1 klXJLp"
      href="/"
      onClick={[Function]}
    >
      Home
    </a>
    <a
      className="NavbarBottom__NavLink-sc-17hvsnk-1 btIWbG"
      href="/product-overview"
      onClick={[Function]}
    >
      Suche
    </a>
    <a
      className="NavbarBottom__NavLink-sc-17hvsnk-1 btIWbG"
      href="/checkout"
      onClick={[Function]}
    >
      Warenkorb
    </a>
    <a
      className="NavbarBottom__NavLink-sc-17hvsnk-1 btIWbG"
      href="/profile"
      onClick={[Function]}
    >
      Profil
    </a>
  </div>,
]
`;
